// Jest Snapshot v1, https://goo.gl/fbAQLP

exports[`<ActiveChallenges /> load renders correctly 1`] = `
<View
  style={
    Object {
      "alignItems": "center",
      "backgroundColor": "white",
      "flex": 1,
      "justifyContent": "flex-start",
      "paddingTop": "15%",
    }
  }
>
  <Text
    style={
      Object {
        "fontSize": 30,
        "fontWeight": "500",
        "marginBottom": 20,
      }
    }
  >
    Active Challenges
  </Text>
  <View
    accessible={true}
    focusable={true}
    onClick={[Function]}
    onResponderGrant={[Function]}
    onResponderMove={[Function]}
    onResponderRelease={[Function]}
    onResponderTerminate={[Function]}
    onResponderTerminationRequest={[Function]}
    onStartShouldSetResponder={[Function]}
    style={
      Object {
        "opacity": 1,
      }
    }
  >
    <Text
      style={
        Object {
          "color": "rgb(212, 0, 0)",
        }
      }
    >
      Show Active Challenges
    </Text>
    <Text />
  </View>
</View>
`;
