// Jest Snapshot v1, https://goo.gl/fbAQLP

exports[`<ActiveChallenges /> load renders correctly 1`] = `
<View
  style={
    Object {
      "alignItems": "center",
      "backgroundColor": "white",
      "flex": 1,
      "justifyContent": "center",
    }
  }
>
  <Text>
    Active Challenges
  </Text>
</View>
`;
