// Jest Snapshot v1, https://goo.gl/fbAQLP

exports[`<ChallengeSearch /> load renders correctly 1`] = `
<View
  style={
    Object {
      "alignItems": "center",
      "backgroundColor": "white",
      "flex": 1,
      "justifyContent": "flex-start",
      "paddingTop": "15%",
    }
  }
>
  <Text
    style={
      Object {
        "fontSize": 30,
        "fontWeight": "500",
        "marginBottom": 20,
      }
    }
  >
    Find a Challenge
  </Text>
  <View
    style={
      Object {
        "backgroundColor": "rgb(212, 0, 0)",
        "borderRadius": 30,
        "marginBottom": 20,
        "padding": 10,
      }
    }
  >
    <View
      accessibilityLabel="Create a New Public Challenge button"
      accessibilityRole="button"
      accessibilityState={Object {}}
      accessible={true}
      focusable={true}
      onClick={[Function]}
      onResponderGrant={[Function]}
      onResponderMove={[Function]}
      onResponderRelease={[Function]}
      onResponderTerminate={[Function]}
      onResponderTerminationRequest={[Function]}
      onStartShouldSetResponder={[Function]}
      style={
        Object {
          "opacity": 1,
        }
      }
    >
      <View
        style={
          Array [
            Object {},
          ]
        }
      >
        <Text
          style={
            Array [
              Object {
                "color": "#007AFF",
                "fontSize": 18,
                "margin": 8,
                "textAlign": "center",
              },
              Object {
                "color": "white",
              },
            ]
          }
        >
          Create a New Public Challenge
        </Text>
      </View>
    </View>
  </View>
  <View
    accessible={true}
    focusable={true}
    onClick={[Function]}
    onResponderGrant={[Function]}
    onResponderMove={[Function]}
    onResponderRelease={[Function]}
    onResponderTerminate={[Function]}
    onResponderTerminationRequest={[Function]}
    onStartShouldSetResponder={[Function]}
    style={
      Object {
        "flex": 1,
        "opacity": 1,
        "padding": 20,
      }
    }
  >
    <Text
      style={
        Object {
          "color": "rgb(212, 0, 0)",
        }
      }
    >
      Show Available Challenges
    </Text>
    <Text />
  </View>
</View>
`;
